{
  "file": "toomanyarguments.satyh",
  "range": {
    "start": { "line": 1, "character": 0 },
    "end": { "line": 1, "character": 1 }
  },
  "message":
    "! [Type Error] this expression has type\n
   int\n    and thus it cannot be applied to arguments."
}
