{
  "file": "contradictionerror.satyh",
  "range": {
    "start": { "line": 1, "character": 11 },
    "end": { "line": 1, "character": 12 }
  },
  "message":
    "! [Type Error] this expression has type\n
   int,\n    but is expected of type\n      bool."
}
