{
  "file": "",
  "range": {
    "start": { "line": 0, "character": 0 },
    "end": { "line": 0, "character": 0 }
  },
  "message":
    "! [Error] cyclic dependency detected:\n
   /mnt/c/Users/tdaic/build/SATySFi/tests/json/cyclicfiledependency.satyh"
}
