{
  "file": "",
  "range": {
    "start": { "line": 0, "character": 0 },
    "end": { "line": 0, "character": 0 }
  },
  "message":
    "! [Error] invalid stage designation for a document file; should be at stage 1."
}
