{
  "file": "horzcommandinmath.satyh",
  "range": {
    "start": { "line": 1, "character": 25 },
    "end": { "line": 1, "character": 27 }
  },
  "message": "! [Type Error] an inline command is used as a math command."
}
