{
  "file": "illegalnumberoftypearguments.satyh",
  "range": {
    "start": { "line": 1, "character": 15 },
    "end": { "line": 1, "character": 27 }
  },
  "message":
    "! [Type Error] 'option' is expected to have
1 type argument(s),\n    but it has 2 type argument(s) here."
}
