{
  "file": "stage.satyh",
  "range": {
    "start": { "line": 1, "character": 0 },
    "end": { "line": 1, "character": 2 }
  },
  "message":
    "! [Type Error] invalid expression as to stage;\n    should be used at stage 0."
}
