{
  "file": "invalidoptionalargument.satyh",
  "range": {
    "start": { "line": 1, "character": 28 },
    "end": { "line": 1, "character": 33 }
  },
  "message":
    "! [Type Error] invalid application of an optional argument;\n    the command has type\n
['a] inline-cmd."
}
