{
  "file": "mathcommandinhorz.satyh",
  "range": {
    "start": { "line": 1, "character": 25 },
    "end": { "line": 1, "character": 27 }
  },
  "message": "! [Type Error] a math command is used as an inline command."
}
