{
  "file": "multiplefieldinrecord.satyh",
  "range": {
    "start": { "line": 1, "character": 8 },
    "end": { "line": 1, "character": 24 }
  },
  "message":
    "! [Type Error] this record expression has more than one field for 'a'."
}
