{
  "file": "multiplepatternvariable.satyh",
  "range": {
    "start": { "line": 2, "character": 5 },
    "end": { "line": 2, "character": 9 }
  },
  "message": "! [Type Error] pattern variable 'm' is bound more than once."
}
