{
  "file": "needsmoreargument.satyh",
  "range": {
    "start": { "line": 1, "character": 26 },
    "end": { "line": 1, "character": 28 }
  },
  "message":
    "! [Type Error] needs more mandatory argument(s);\n    the command has type\n      ['a] math-cmd,\n    and another argument of type\n      'a\n    is needed."
}
