{
  "file": "notMatchingInterface.satyh",
  "range": {
    "start": { "line": 1, "character": 0 },
    "end": { "line": 5, "character": 3 }
  },
  "message":
    "! [Type Error] The implementation of value 'x' has type\n      float\n    which is inconsistent with the type required by the signature\n
 int"
}
