{
  "file": "toomanyarguments.satyh",
  "range": {
    "start": { "line": 1, "character": 24 },
    "end": { "line": 1, "character": 32 }
  },
  "message":
    "! [Type Error] too many argument(s);\n    the command has type\n      [] math-cmd."
}
