{
  "file": "undefinedModuleName.satyh",
  "range": {
    "start": { "line": 1, "character": 5 },
    "end": { "line": 1, "character": 6 }
  },
  "message": "! [Type Error] undefined module name 'X'"
}
