{
  "file": "undefinedconstructor.satyh",
  "range": {
    "start": { "line": 1, "character": 8 },
    "end": { "line": 1, "character": 12 }
  },
  "message": "! [Type Error] undefined constructor 'P'."
}
