{
  "file": "undefinedTypeArgument.satyh",
  "range": {
    "start": { "line": 1, "character": 9 },
    "end": { "line": 1, "character": 11 }
  },
  "message": "! [Type Error] undefined type argument 'x'"
}
