{
  "file": "unknownunitoflength.satyh",
  "range": {
    "start": { "line": 1, "character": 0 },
    "end": { "line": 1, "character": 3 }
  },
  "message": "! [Type Error] undefined unit of length 'ch'."
}
